[0.146s] Invoking command in '/home/sai-abhinay/disaster_ws/src/build/disaster_rover_description': CMAKE_PREFIX_PATH=${CMAKE_PREFIX_PATH}:/home/sai-abhinay/disaster_ws/install/disaster_rover_bringup:/home/sai-abhinay/ros2_ws/install/maze_solver:/home/sai-abhinay/ros2_ws/install/camera_line_follower_pkg:/home/sai-abhinay/nidar_ws/install/a_node:/opt/ros/jazzy DEBUGINFOD_URLS=https://debuginfod.ubuntu.com /usr/bin/cmake /home/sai-abhinay/disaster_ws/src/disaster_rover_description -DCMAKE_INSTALL_PREFIX=/home/sai-abhinay/disaster_ws/src/install/disaster_rover_description
[0.255s] -- The C compiler identification is GNU 13.3.0
[0.345s] -- The CXX compiler identification is GNU 13.3.0
[0.363s] -- Detecting C compiler ABI info
[0.455s] -- Detecting C compiler ABI info - done
[0.461s] -- Check for working C compiler: /usr/bin/cc - skipped
[0.461s] -- Detecting C compile features
[0.462s] -- Detecting C compile features - done
[0.471s] -- Detecting CXX compiler ABI info
[0.560s] -- Detecting CXX compiler ABI info - done
[0.565s] -- Check for working CXX compiler: /usr/bin/c++ - skipped
[0.565s] -- Detecting CXX compile features
[0.566s] -- Detecting CXX compile features - done
[0.575s] -- Found ament_cmake: 2.5.4 (/opt/ros/jazzy/share/ament_cmake/cmake)
[0.708s] -- Found Python3: /usr/bin/python3 (found version "3.12.3") found components: Interpreter 
[0.832s] -- Found ament_lint_auto: 0.17.3 (/opt/ros/jazzy/share/ament_lint_auto/cmake)
[0.923s] -- Added test 'lint_cmake' to check CMake code style
[0.925s] -- Added test 'xmllint' to check XML markup files
[0.928s] -- Configuring done (0.8s)
[0.931s] -- Generating done (0.0s)
[0.934s] -- Build files have been written to: /home/sai-abhinay/disaster_ws/src/build/disaster_rover_description
[0.938s] Invoked command in '/home/sai-abhinay/disaster_ws/src/build/disaster_rover_description' returned '0': CMAKE_PREFIX_PATH=${CMAKE_PREFIX_PATH}:/home/sai-abhinay/disaster_ws/install/disaster_rover_bringup:/home/sai-abhinay/ros2_ws/install/maze_solver:/home/sai-abhinay/ros2_ws/install/camera_line_follower_pkg:/home/sai-abhinay/nidar_ws/install/a_node:/opt/ros/jazzy DEBUGINFOD_URLS=https://debuginfod.ubuntu.com /usr/bin/cmake /home/sai-abhinay/disaster_ws/src/disaster_rover_description -DCMAKE_INSTALL_PREFIX=/home/sai-abhinay/disaster_ws/src/install/disaster_rover_description
[0.939s] Invoking command in '/home/sai-abhinay/disaster_ws/src/build/disaster_rover_description': CMAKE_PREFIX_PATH=${CMAKE_PREFIX_PATH}:/home/sai-abhinay/disaster_ws/install/disaster_rover_bringup:/home/sai-abhinay/ros2_ws/install/maze_solver:/home/sai-abhinay/ros2_ws/install/camera_line_follower_pkg:/home/sai-abhinay/nidar_ws/install/a_node:/opt/ros/jazzy DEBUGINFOD_URLS=https://debuginfod.ubuntu.com /usr/bin/cmake --build /home/sai-abhinay/disaster_ws/src/build/disaster_rover_description -- -j16 -l16
[0.976s] Invoked command in '/home/sai-abhinay/disaster_ws/src/build/disaster_rover_description' returned '0': CMAKE_PREFIX_PATH=${CMAKE_PREFIX_PATH}:/home/sai-abhinay/disaster_ws/install/disaster_rover_bringup:/home/sai-abhinay/ros2_ws/install/maze_solver:/home/sai-abhinay/ros2_ws/install/camera_line_follower_pkg:/home/sai-abhinay/nidar_ws/install/a_node:/opt/ros/jazzy DEBUGINFOD_URLS=https://debuginfod.ubuntu.com /usr/bin/cmake --build /home/sai-abhinay/disaster_ws/src/build/disaster_rover_description -- -j16 -l16
[0.984s] Invoking command in '/home/sai-abhinay/disaster_ws/src/build/disaster_rover_description': CMAKE_PREFIX_PATH=${CMAKE_PREFIX_PATH}:/home/sai-abhinay/disaster_ws/install/disaster_rover_bringup:/home/sai-abhinay/ros2_ws/install/maze_solver:/home/sai-abhinay/ros2_ws/install/camera_line_follower_pkg:/home/sai-abhinay/nidar_ws/install/a_node:/opt/ros/jazzy DEBUGINFOD_URLS=https://debuginfod.ubuntu.com /usr/bin/cmake --install /home/sai-abhinay/disaster_ws/src/build/disaster_rover_description
[0.990s] -- Install configuration: ""
[0.990s] -- Installing: /home/sai-abhinay/disaster_ws/src/install/disaster_rover_description/share/ament_index/resource_index/package_run_dependencies/disaster_rover_description
[0.991s] -- Installing: /home/sai-abhinay/disaster_ws/src/install/disaster_rover_description/share/ament_index/resource_index/parent_prefix_path/disaster_rover_description
[0.991s] -- Installing: /home/sai-abhinay/disaster_ws/src/install/disaster_rover_description/share/disaster_rover_description/environment/ament_prefix_path.sh
[0.991s] -- Installing: /home/sai-abhinay/disaster_ws/src/install/disaster_rover_description/share/disaster_rover_description/environment/ament_prefix_path.dsv
[0.991s] -- Installing: /home/sai-abhinay/disaster_ws/src/install/disaster_rover_description/share/disaster_rover_description/environment/path.sh
[0.991s] -- Installing: /home/sai-abhinay/disaster_ws/src/install/disaster_rover_description/share/disaster_rover_description/environment/path.dsv
[0.991s] -- Installing: /home/sai-abhinay/disaster_ws/src/install/disaster_rover_description/share/disaster_rover_description/local_setup.bash
[0.991s] -- Installing: /home/sai-abhinay/disaster_ws/src/install/disaster_rover_description/share/disaster_rover_description/local_setup.sh
[0.991s] -- Installing: /home/sai-abhinay/disaster_ws/src/install/disaster_rover_description/share/disaster_rover_description/local_setup.zsh
[0.991s] -- Installing: /home/sai-abhinay/disaster_ws/src/install/disaster_rover_description/share/disaster_rover_description/local_setup.dsv
[0.991s] -- Installing: /home/sai-abhinay/disaster_ws/src/install/disaster_rover_description/share/disaster_rover_description/package.dsv
[0.992s] -- Installing: /home/sai-abhinay/disaster_ws/src/install/disaster_rover_description/share/ament_index/resource_index/packages/disaster_rover_description
[0.992s] -- Installing: /home/sai-abhinay/disaster_ws/src/install/disaster_rover_description/share/disaster_rover_description/cmake/disaster_rover_descriptionConfig.cmake
[0.992s] -- Installing: /home/sai-abhinay/disaster_ws/src/install/disaster_rover_description/share/disaster_rover_description/cmake/disaster_rover_descriptionConfig-version.cmake
[0.992s] -- Installing: /home/sai-abhinay/disaster_ws/src/install/disaster_rover_description/share/disaster_rover_description/package.xml
[0.993s] Invoked command in '/home/sai-abhinay/disaster_ws/src/build/disaster_rover_description' returned '0': CMAKE_PREFIX_PATH=${CMAKE_PREFIX_PATH}:/home/sai-abhinay/disaster_ws/install/disaster_rover_bringup:/home/sai-abhinay/ros2_ws/install/maze_solver:/home/sai-abhinay/ros2_ws/install/camera_line_follower_pkg:/home/sai-abhinay/nidar_ws/install/a_node:/opt/ros/jazzy DEBUGINFOD_URLS=https://debuginfod.ubuntu.com /usr/bin/cmake --install /home/sai-abhinay/disaster_ws/src/build/disaster_rover_description
