[0.515s] Invoking command in '/home/sai-abhinay/disaster_ws/src/disaster_rover_bringup': DEBUGINFOD_URLS=https://debuginfod.ubuntu.com PYTHONPATH=/home/sai-abhinay/disaster_ws/src/build/disaster_rover_bringup/prefix_override:/usr/lib/python3/dist-packages/colcon_core/task/python/colcon_distutils_commands:/home/sai-abhinay/disaster_ws/src/install/disaster_rover_bringup/lib/python3.12/site-packages:${PYTHONPATH} /usr/bin/python3 -W ignore:setup.py install is deprecated -W ignore:easy_install command is deprecated setup.py egg_info --egg-base ../build/disaster_rover_bringup build --build-base /home/sai-abhinay/disaster_ws/src/build/disaster_rover_bringup/build install --record /home/sai-abhinay/disaster_ws/src/build/disaster_rover_bringup/install.log --single-version-externally-managed install_data
[0.677s] running egg_info
[0.678s] creating ../build/disaster_rover_bringup/disaster_rover_bringup.egg-info
[0.688s] writing ../build/disaster_rover_bringup/disaster_rover_bringup.egg-info/PKG-INFO
[0.689s] writing dependency_links to ../build/disaster_rover_bringup/disaster_rover_bringup.egg-info/dependency_links.txt
[0.689s] writing requirements to ../build/disaster_rover_bringup/disaster_rover_bringup.egg-info/requires.txt
[0.689s] writing top-level names to ../build/disaster_rover_bringup/disaster_rover_bringup.egg-info/top_level.txt
[0.689s] writing manifest file '../build/disaster_rover_bringup/disaster_rover_bringup.egg-info/SOURCES.txt'
[0.713s] reading manifest file '../build/disaster_rover_bringup/disaster_rover_bringup.egg-info/SOURCES.txt'
[0.714s] writing manifest file '../build/disaster_rover_bringup/disaster_rover_bringup.egg-info/SOURCES.txt'
[0.714s] running build
[0.714s] running build_py
[0.714s] creating /home/sai-abhinay/disaster_ws/src/build/disaster_rover_bringup/build
[0.714s] creating /home/sai-abhinay/disaster_ws/src/build/disaster_rover_bringup/build/lib
[0.714s] creating /home/sai-abhinay/disaster_ws/src/build/disaster_rover_bringup/build/lib/disaster_rover_bringup
[0.714s] copying disaster_rover_bringup/__init__.py -> /home/sai-abhinay/disaster_ws/src/build/disaster_rover_bringup/build/lib/disaster_rover_bringup
[0.714s] running install
[0.718s] running install_lib
[0.730s] creating /home/sai-abhinay/disaster_ws/src/install/disaster_rover_bringup/lib/python3.12/site-packages/disaster_rover_bringup
[0.730s] copying /home/sai-abhinay/disaster_ws/src/build/disaster_rover_bringup/build/lib/disaster_rover_bringup/__init__.py -> /home/sai-abhinay/disaster_ws/src/install/disaster_rover_bringup/lib/python3.12/site-packages/disaster_rover_bringup
[0.730s] byte-compiling /home/sai-abhinay/disaster_ws/src/install/disaster_rover_bringup/lib/python3.12/site-packages/disaster_rover_bringup/__init__.py to __init__.cpython-312.pyc
[0.731s] running install_data
[0.731s] creating /home/sai-abhinay/disaster_ws/src/install/disaster_rover_bringup/share/ament_index
[0.731s] creating /home/sai-abhinay/disaster_ws/src/install/disaster_rover_bringup/share/ament_index/resource_index
[0.731s] creating /home/sai-abhinay/disaster_ws/src/install/disaster_rover_bringup/share/ament_index/resource_index/packages
[0.731s] copying resource/disaster_rover_bringup -> /home/sai-abhinay/disaster_ws/src/install/disaster_rover_bringup/share/ament_index/resource_index/packages
[0.731s] copying package.xml -> /home/sai-abhinay/disaster_ws/src/install/disaster_rover_bringup/share/disaster_rover_bringup
[0.731s] creating /home/sai-abhinay/disaster_ws/src/install/disaster_rover_bringup/share/disaster_rover_bringup/launch
[0.731s] copying launch/disaster_rover.launch.xml -> /home/sai-abhinay/disaster_ws/src/install/disaster_rover_bringup/share/disaster_rover_bringup/launch
[0.731s] creating /home/sai-abhinay/disaster_ws/src/install/disaster_rover_bringup/share/disaster_rover_bringup/config
[0.731s] copying config/ros_gz_bridge.yaml -> /home/sai-abhinay/disaster_ws/src/install/disaster_rover_bringup/share/disaster_rover_bringup/config
[0.731s] running install_egg_info
[0.744s] Copying ../build/disaster_rover_bringup/disaster_rover_bringup.egg-info to /home/sai-abhinay/disaster_ws/src/install/disaster_rover_bringup/lib/python3.12/site-packages/disaster_rover_bringup-0.0.0-py3.12.egg-info
[0.744s] running install_scripts
[0.831s] writing list of installed files to '/home/sai-abhinay/disaster_ws/src/build/disaster_rover_bringup/install.log'
[0.852s] Invoked command in '/home/sai-abhinay/disaster_ws/src/disaster_rover_bringup' returned '0': DEBUGINFOD_URLS=https://debuginfod.ubuntu.com PYTHONPATH=/home/sai-abhinay/disaster_ws/src/build/disaster_rover_bringup/prefix_override:/usr/lib/python3/dist-packages/colcon_core/task/python/colcon_distutils_commands:/home/sai-abhinay/disaster_ws/src/install/disaster_rover_bringup/lib/python3.12/site-packages:${PYTHONPATH} /usr/bin/python3 -W ignore:setup.py install is deprecated -W ignore:easy_install command is deprecated setup.py egg_info --egg-base ../build/disaster_rover_bringup build --build-base /home/sai-abhinay/disaster_ws/src/build/disaster_rover_bringup/build install --record /home/sai-abhinay/disaster_ws/src/build/disaster_rover_bringup/install.log --single-version-externally-managed install_data
